== chic check (text) ==
status: Some(0)
stderr:
__TIMESTAMP__  INFO pipeline: stage="frontend.start" command="check" status="start" target=aarch64-unknown-none backend="llvm" kind="executable" input_count=1 load_stdlib=false
__TIMESTAMP__  INFO pipeline: stage="frontend.read_source" command="check" status="ok" target=aarch64-unknown-none backend="llvm" kind="executable" input_count=1 load_stdlib=false path=sample.ch elapsed_ms=__ELAPSED__
__TIMESTAMP__  INFO pipeline: stage="frontend.parse" command="check" status="ok" target=aarch64-unknown-none backend="llvm" kind="executable" input_count=1 load_stdlib=false path=sample.ch elapsed_ms=__ELAPSED__
__TIMESTAMP__  INFO pipeline: stage="frontend.expand_macros" command="check" status="ok" target=aarch64-unknown-none backend="llvm" kind="executable" input_count=1 load_stdlib=false path=sample.ch elapsed_ms=__ELAPSED__
__TIMESTAMP__  INFO pipeline: stage="frontend.assemble_workspace" command="check" status="ok" target=aarch64-unknown-none backend="llvm" kind="executable" input_count=1 load_stdlib=false elapsed_ms=__ELAPSED__
__TIMESTAMP__  INFO pipeline: stage="frontend.lower_module" command="check" status="ok" target=aarch64-unknown-none backend="llvm" kind="executable" input_count=1 load_stdlib=false elapsed_ms=__ELAPSED__
__TIMESTAMP__  INFO pipeline: stage="frontend.type_check" command="check" status="ok" target=aarch64-unknown-none backend="llvm" kind="executable" input_count=1 load_stdlib=false elapsed_ms=__ELAPSED__
__TIMESTAMP__  INFO pipeline: stage="frontend.trait_solver" command="check" status="ok" target=aarch64-unknown-none backend="llvm" kind="executable" input_count=1 load_stdlib=false metrics_enabled=true impls_checked=__IMPLS__ overlaps=__OVERLAPS__ traits_checked=__TRAITS__ cycles_detected=__CYCLES__ elapsed_ms=__ELAPSED__
__TIMESTAMP__  INFO pipeline: stage="frontend.verify_bodies" command="check" status="ok" target=aarch64-unknown-none backend="llvm" kind="executable" input_count=1 load_stdlib=false elapsed_ms=__ELAPSED__
__TIMESTAMP__  INFO pipeline: stage="frontend.reachability" command="check" status="ok" target=aarch64-unknown-none backend="llvm" kind="executable" input_count=1 load_stdlib=false elapsed_ms=__ELAPSED__
__TIMESTAMP__  INFO pipeline: stage="frontend.borrow_check" command="check" status="ok" target=aarch64-unknown-none backend="llvm" kind="executable" input_count=1 load_stdlib=false elapsed_ms=__ELAPSED__
__TIMESTAMP__  INFO pipeline: stage="frontend.complete" command="check" status="ok" target=aarch64-unknown-none backend="llvm" kind="executable" input_count=1 load_stdlib=false elapsed_ms=__ELAPSED__
__TIMESTAMP__  INFO pipeline: stage="frontend.fallible_drop" command="check" status="ok" target=aarch64-unknown-none backend="llvm" kind="executable" input_count=1 load_stdlib=false elapsed_ms=__ELAPSED__

== chic build (text) ==
status: Some(0)
stderr:
__TIMESTAMP__  INFO pipeline: stage="frontend.start" command="build" status="start" target=aarch64-unknown-none backend="wasm" kind="executable" input_count=1 load_stdlib=false
__TIMESTAMP__  INFO pipeline: stage="frontend.read_source" command="build" status="ok" target=aarch64-unknown-none backend="wasm" kind="executable" input_count=1 load_stdlib=false path=/private{TMP}/sample.ch elapsed_ms=__ELAPSED__
__TIMESTAMP__  INFO pipeline: stage="frontend.parse" command="build" status="ok" target=aarch64-unknown-none backend="wasm" kind="executable" input_count=1 load_stdlib=false path=/private{TMP}/sample.ch elapsed_ms=__ELAPSED__
__TIMESTAMP__  INFO pipeline: stage="frontend.expand_macros" command="build" status="ok" target=aarch64-unknown-none backend="wasm" kind="executable" input_count=1 load_stdlib=false path=/private{TMP}/sample.ch elapsed_ms=__ELAPSED__
__TIMESTAMP__  INFO pipeline: stage="frontend.assemble_workspace" command="build" status="ok" target=aarch64-unknown-none backend="wasm" kind="executable" input_count=1 load_stdlib=false elapsed_ms=__ELAPSED__
__TIMESTAMP__  INFO pipeline: stage="frontend.lower_module" command="build" status="ok" target=aarch64-unknown-none backend="wasm" kind="executable" input_count=1 load_stdlib=false elapsed_ms=__ELAPSED__
__TIMESTAMP__  INFO pipeline: stage="frontend.type_check" command="build" status="ok" target=aarch64-unknown-none backend="wasm" kind="executable" input_count=1 load_stdlib=false elapsed_ms=__ELAPSED__
__TIMESTAMP__  INFO pipeline: stage="frontend.trait_solver" command="build" status="ok" target=aarch64-unknown-none backend="wasm" kind="executable" input_count=1 load_stdlib=false metrics_enabled=true impls_checked=__IMPLS__ overlaps=__OVERLAPS__ traits_checked=__TRAITS__ cycles_detected=__CYCLES__ elapsed_ms=__ELAPSED__
__TIMESTAMP__  INFO pipeline: stage="frontend.verify_bodies" command="build" status="ok" target=aarch64-unknown-none backend="wasm" kind="executable" input_count=1 load_stdlib=false elapsed_ms=__ELAPSED__
__TIMESTAMP__  INFO pipeline: stage="frontend.reachability" command="build" status="ok" target=aarch64-unknown-none backend="wasm" kind="executable" input_count=1 load_stdlib=false elapsed_ms=__ELAPSED__
__TIMESTAMP__  INFO pipeline: stage="frontend.borrow_check" command="build" status="ok" target=aarch64-unknown-none backend="wasm" kind="executable" input_count=1 load_stdlib=false elapsed_ms=__ELAPSED__
__TIMESTAMP__  INFO pipeline: stage="frontend.complete" command="build" status="ok" target=aarch64-unknown-none backend="wasm" kind="executable" input_count=1 load_stdlib=false elapsed_ms=__ELAPSED__
__TIMESTAMP__  INFO pipeline: stage="frontend.fallible_drop" command="build" status="ok" target=aarch64-unknown-none backend="wasm" kind="executable" input_count=1 load_stdlib=false elapsed_ms=__ELAPSED__

== chic test (text) ==
status: Some(0)
stderr:
__TIMESTAMP__  INFO pipeline: stage="frontend.start" command="build" status="start" target=aarch64-unknown-none backend="wasm" kind="executable" input_count=1 load_stdlib=false
__TIMESTAMP__  INFO pipeline: stage="frontend.read_source" command="build" status="ok" target=aarch64-unknown-none backend="wasm" kind="executable" input_count=1 load_stdlib=false path=/private{TMP}/sample.ch elapsed_ms=__ELAPSED__
__TIMESTAMP__  INFO pipeline: stage="frontend.parse" command="build" status="ok" target=aarch64-unknown-none backend="wasm" kind="executable" input_count=1 load_stdlib=false path=/private{TMP}/sample.ch elapsed_ms=__ELAPSED__
__TIMESTAMP__  INFO pipeline: stage="frontend.expand_macros" command="build" status="ok" target=aarch64-unknown-none backend="wasm" kind="executable" input_count=1 load_stdlib=false path=/private{TMP}/sample.ch elapsed_ms=__ELAPSED__
__TIMESTAMP__  INFO pipeline: stage="frontend.assemble_workspace" command="build" status="ok" target=aarch64-unknown-none backend="wasm" kind="executable" input_count=1 load_stdlib=false elapsed_ms=__ELAPSED__
__TIMESTAMP__  INFO pipeline: stage="frontend.lower_module" command="build" status="ok" target=aarch64-unknown-none backend="wasm" kind="executable" input_count=1 load_stdlib=false elapsed_ms=__ELAPSED__
__TIMESTAMP__  INFO pipeline: stage="frontend.type_check" command="build" status="ok" target=aarch64-unknown-none backend="wasm" kind="executable" input_count=1 load_stdlib=false elapsed_ms=__ELAPSED__
__TIMESTAMP__  INFO pipeline: stage="frontend.trait_solver" command="build" status="ok" target=aarch64-unknown-none backend="wasm" kind="executable" input_count=1 load_stdlib=false metrics_enabled=true impls_checked=__IMPLS__ overlaps=__OVERLAPS__ traits_checked=__TRAITS__ cycles_detected=__CYCLES__ elapsed_ms=__ELAPSED__
__TIMESTAMP__  INFO pipeline: stage="frontend.verify_bodies" command="build" status="ok" target=aarch64-unknown-none backend="wasm" kind="executable" input_count=1 load_stdlib=false elapsed_ms=__ELAPSED__
__TIMESTAMP__  INFO pipeline: stage="frontend.reachability" command="build" status="ok" target=aarch64-unknown-none backend="wasm" kind="executable" input_count=1 load_stdlib=false elapsed_ms=__ELAPSED__
__TIMESTAMP__  INFO pipeline: stage="frontend.borrow_check" command="build" status="ok" target=aarch64-unknown-none backend="wasm" kind="executable" input_count=1 load_stdlib=false elapsed_ms=__ELAPSED__
__TIMESTAMP__  INFO pipeline: stage="frontend.complete" command="build" status="ok" target=aarch64-unknown-none backend="wasm" kind="executable" input_count=1 load_stdlib=false elapsed_ms=__ELAPSED__
__TIMESTAMP__  INFO pipeline: stage="frontend.fallible_drop" command="build" status="ok" target=aarch64-unknown-none backend="wasm" kind="executable" input_count=1 load_stdlib=false elapsed_ms=__ELAPSED__

== chic run (text) ==
status: Some(1)
stderr:
__TIMESTAMP__  INFO pipeline: stage="frontend.start" command="build" status="start" target=aarch64-unknown-none backend="wasm" kind="executable" input_count=1 load_stdlib=false
__TIMESTAMP__  INFO pipeline: stage="frontend.read_source" command="build" status="ok" target=aarch64-unknown-none backend="wasm" kind="executable" input_count=1 load_stdlib=false path=/private{TMP}/sample.ch elapsed_ms=__ELAPSED__
__TIMESTAMP__  INFO pipeline: stage="frontend.parse" command="build" status="ok" target=aarch64-unknown-none backend="wasm" kind="executable" input_count=1 load_stdlib=false path=/private{TMP}/sample.ch elapsed_ms=__ELAPSED__
__TIMESTAMP__  INFO pipeline: stage="frontend.expand_macros" command="build" status="ok" target=aarch64-unknown-none backend="wasm" kind="executable" input_count=1 load_stdlib=false path=/private{TMP}/sample.ch elapsed_ms=__ELAPSED__
__TIMESTAMP__  INFO pipeline: stage="frontend.assemble_workspace" command="build" status="ok" target=aarch64-unknown-none backend="wasm" kind="executable" input_count=1 load_stdlib=false elapsed_ms=__ELAPSED__
__TIMESTAMP__  INFO pipeline: stage="frontend.lower_module" command="build" status="ok" target=aarch64-unknown-none backend="wasm" kind="executable" input_count=1 load_stdlib=false elapsed_ms=__ELAPSED__
__TIMESTAMP__  INFO pipeline: stage="frontend.type_check" command="build" status="ok" target=aarch64-unknown-none backend="wasm" kind="executable" input_count=1 load_stdlib=false elapsed_ms=__ELAPSED__
__TIMESTAMP__  INFO pipeline: stage="frontend.trait_solver" command="build" status="ok" target=aarch64-unknown-none backend="wasm" kind="executable" input_count=1 load_stdlib=false metrics_enabled=true impls_checked=__IMPLS__ overlaps=__OVERLAPS__ traits_checked=__TRAITS__ cycles_detected=__CYCLES__ elapsed_ms=__ELAPSED__
__TIMESTAMP__  INFO pipeline: stage="frontend.verify_bodies" command="build" status="ok" target=aarch64-unknown-none backend="wasm" kind="executable" input_count=1 load_stdlib=false elapsed_ms=__ELAPSED__
__TIMESTAMP__  INFO pipeline: stage="frontend.reachability" command="build" status="ok" target=aarch64-unknown-none backend="wasm" kind="executable" input_count=1 load_stdlib=false elapsed_ms=__ELAPSED__
__TIMESTAMP__  INFO pipeline: stage="frontend.borrow_check" command="build" status="ok" target=aarch64-unknown-none backend="wasm" kind="executable" input_count=1 load_stdlib=false elapsed_ms=__ELAPSED__
__TIMESTAMP__  INFO pipeline: stage="frontend.complete" command="build" status="ok" target=aarch64-unknown-none backend="wasm" kind="executable" input_count=1 load_stdlib=false elapsed_ms=__ELAPSED__
__TIMESTAMP__  INFO pipeline: stage="frontend.fallible_drop" command="build" status="ok" target=aarch64-unknown-none backend="wasm" kind="executable" input_count=1 load_stdlib=false elapsed_ms=__ELAPSED__