== chic check (json) ==
status: Some(0)
stderr:
{"fields":{"backend":"llvm","command":"check","input_count":"__COUNT__","kind":"executable","load_stdlib":false,"stage":"frontend.start","status":"start","target":"aarch64-unknown-none"},"level":"INFO","target":"pipeline","timestamp":"__TIMESTAMP__"}
{"fields":{"backend":"llvm","command":"check","elapsed_ms":0,"input_count":"__COUNT__","kind":"executable","load_stdlib":false,"path":"sample.cl","stage":"frontend.read_source","status":"ok","target":"aarch64-unknown-none"},"level":"INFO","target":"pipeline","timestamp":"__TIMESTAMP__"}
{"fields":{"backend":"llvm","command":"check","elapsed_ms":0,"input_count":"__COUNT__","kind":"executable","load_stdlib":false,"path":"sample.cl","stage":"frontend.parse","status":"ok","target":"aarch64-unknown-none"},"level":"INFO","target":"pipeline","timestamp":"__TIMESTAMP__"}
{"fields":{"backend":"llvm","command":"check","elapsed_ms":0,"input_count":"__COUNT__","kind":"executable","load_stdlib":false,"path":"sample.cl","stage":"frontend.expand_macros","status":"ok","target":"aarch64-unknown-none"},"level":"INFO","target":"pipeline","timestamp":"__TIMESTAMP__"}
{"fields":{"backend":"llvm","command":"check","elapsed_ms":0,"input_count":"__COUNT__","kind":"executable","load_stdlib":false,"stage":"frontend.assemble_workspace","status":"ok","target":"aarch64-unknown-none"},"level":"INFO","target":"pipeline","timestamp":"__TIMESTAMP__"}
{"fields":{"backend":"llvm","command":"check","elapsed_ms":0,"input_count":"__COUNT__","kind":"executable","load_stdlib":false,"stage":"frontend.lower_module","status":"ok","target":"aarch64-unknown-none"},"level":"INFO","target":"pipeline","timestamp":"__TIMESTAMP__"}
{"fields":{"backend":"llvm","command":"check","elapsed_ms":0,"input_count":"__COUNT__","kind":"executable","load_stdlib":false,"stage":"frontend.type_check","status":"ok","target":"aarch64-unknown-none"},"level":"INFO","target":"pipeline","timestamp":"__TIMESTAMP__"}
{"fields":{"backend":"llvm","command":"check","cycles_detected":"__COUNT__","elapsed_ms":0,"impls_checked":"__COUNT__","input_count":"__COUNT__","kind":"executable","load_stdlib":false,"metrics_enabled":true,"overlaps":"__COUNT__","stage":"frontend.trait_solver","status":"ok","target":"aarch64-unknown-none","traits_checked":"__COUNT__"},"level":"INFO","target":"pipeline","timestamp":"__TIMESTAMP__"}
{"fields":{"backend":"llvm","command":"check","elapsed_ms":0,"input_count":"__COUNT__","kind":"executable","load_stdlib":false,"stage":"frontend.verify_bodies","status":"ok","target":"aarch64-unknown-none"},"level":"INFO","target":"pipeline","timestamp":"__TIMESTAMP__"}
{"fields":{"backend":"llvm","command":"check","elapsed_ms":0,"input_count":"__COUNT__","kind":"executable","load_stdlib":false,"stage":"frontend.reachability","status":"ok","target":"aarch64-unknown-none"},"level":"INFO","target":"pipeline","timestamp":"__TIMESTAMP__"}
{"fields":{"backend":"llvm","command":"check","elapsed_ms":0,"input_count":"__COUNT__","kind":"executable","load_stdlib":false,"stage":"frontend.borrow_check","status":"ok","target":"aarch64-unknown-none"},"level":"INFO","target":"pipeline","timestamp":"__TIMESTAMP__"}
{"fields":{"backend":"llvm","command":"check","elapsed_ms":0,"input_count":"__COUNT__","kind":"executable","load_stdlib":false,"stage":"frontend.complete","status":"ok","target":"aarch64-unknown-none"},"level":"INFO","target":"pipeline","timestamp":"__TIMESTAMP__"}
{"fields":{"backend":"llvm","command":"check","elapsed_ms":0,"input_count":"__COUNT__","kind":"executable","load_stdlib":false,"stage":"frontend.fallible_drop","status":"ok","target":"aarch64-unknown-none"},"level":"INFO","target":"pipeline","timestamp":"__TIMESTAMP__"}

== chic build (json) ==
status: Some(0)
stderr:
{"fields":{"backend":"wasm","command":"build","input_count":"__COUNT__","kind":"executable","load_stdlib":false,"stage":"frontend.start","status":"start","target":"aarch64-unknown-none"},"level":"INFO","target":"pipeline","timestamp":"__TIMESTAMP__"}
{"fields":{"backend":"wasm","command":"build","elapsed_ms":0,"input_count":"__COUNT__","kind":"executable","load_stdlib":false,"path":"/private{TMP}/sample.cl","stage":"frontend.read_source","status":"ok","target":"aarch64-unknown-none"},"level":"INFO","target":"pipeline","timestamp":"__TIMESTAMP__"}
{"fields":{"backend":"wasm","command":"build","elapsed_ms":0,"input_count":"__COUNT__","kind":"executable","load_stdlib":false,"path":"/private{TMP}/sample.cl","stage":"frontend.parse","status":"ok","target":"aarch64-unknown-none"},"level":"INFO","target":"pipeline","timestamp":"__TIMESTAMP__"}
{"fields":{"backend":"wasm","command":"build","elapsed_ms":0,"input_count":"__COUNT__","kind":"executable","load_stdlib":false,"path":"/private{TMP}/sample.cl","stage":"frontend.expand_macros","status":"ok","target":"aarch64-unknown-none"},"level":"INFO","target":"pipeline","timestamp":"__TIMESTAMP__"}
{"fields":{"backend":"wasm","command":"build","elapsed_ms":0,"input_count":"__COUNT__","kind":"executable","load_stdlib":false,"stage":"frontend.assemble_workspace","status":"ok","target":"aarch64-unknown-none"},"level":"INFO","target":"pipeline","timestamp":"__TIMESTAMP__"}
{"fields":{"backend":"wasm","command":"build","elapsed_ms":0,"input_count":"__COUNT__","kind":"executable","load_stdlib":false,"stage":"frontend.lower_module","status":"ok","target":"aarch64-unknown-none"},"level":"INFO","target":"pipeline","timestamp":"__TIMESTAMP__"}
{"fields":{"backend":"wasm","command":"build","elapsed_ms":0,"input_count":"__COUNT__","kind":"executable","load_stdlib":false,"stage":"frontend.type_check","status":"ok","target":"aarch64-unknown-none"},"level":"INFO","target":"pipeline","timestamp":"__TIMESTAMP__"}
{"fields":{"backend":"wasm","command":"build","cycles_detected":"__COUNT__","elapsed_ms":0,"impls_checked":"__COUNT__","input_count":"__COUNT__","kind":"executable","load_stdlib":false,"metrics_enabled":true,"overlaps":"__COUNT__","stage":"frontend.trait_solver","status":"ok","target":"aarch64-unknown-none","traits_checked":"__COUNT__"},"level":"INFO","target":"pipeline","timestamp":"__TIMESTAMP__"}
{"fields":{"backend":"wasm","command":"build","elapsed_ms":0,"input_count":"__COUNT__","kind":"executable","load_stdlib":false,"stage":"frontend.verify_bodies","status":"ok","target":"aarch64-unknown-none"},"level":"INFO","target":"pipeline","timestamp":"__TIMESTAMP__"}
{"fields":{"backend":"wasm","command":"build","elapsed_ms":0,"input_count":"__COUNT__","kind":"executable","load_stdlib":false,"stage":"frontend.reachability","status":"ok","target":"aarch64-unknown-none"},"level":"INFO","target":"pipeline","timestamp":"__TIMESTAMP__"}
{"fields":{"backend":"wasm","command":"build","elapsed_ms":0,"input_count":"__COUNT__","kind":"executable","load_stdlib":false,"stage":"frontend.borrow_check","status":"ok","target":"aarch64-unknown-none"},"level":"INFO","target":"pipeline","timestamp":"__TIMESTAMP__"}
{"fields":{"backend":"wasm","command":"build","elapsed_ms":0,"input_count":"__COUNT__","kind":"executable","load_stdlib":false,"stage":"frontend.complete","status":"ok","target":"aarch64-unknown-none"},"level":"INFO","target":"pipeline","timestamp":"__TIMESTAMP__"}
{"fields":{"backend":"wasm","command":"build","elapsed_ms":0,"input_count":"__COUNT__","kind":"executable","load_stdlib":false,"stage":"frontend.fallible_drop","status":"ok","target":"aarch64-unknown-none"},"level":"INFO","target":"pipeline","timestamp":"__TIMESTAMP__"}

== chic test (json) ==
status: Some(0)
stderr:
{"fields":{"backend":"wasm","command":"build","input_count":"__COUNT__","kind":"executable","load_stdlib":false,"stage":"frontend.start","status":"start","target":"aarch64-unknown-none"},"level":"INFO","target":"pipeline","timestamp":"__TIMESTAMP__"}
{"fields":{"backend":"wasm","command":"build","elapsed_ms":0,"input_count":"__COUNT__","kind":"executable","load_stdlib":false,"path":"/private{TMP}/sample.cl","stage":"frontend.read_source","status":"ok","target":"aarch64-unknown-none"},"level":"INFO","target":"pipeline","timestamp":"__TIMESTAMP__"}
{"fields":{"backend":"wasm","command":"build","elapsed_ms":0,"input_count":"__COUNT__","kind":"executable","load_stdlib":false,"path":"/private{TMP}/sample.cl","stage":"frontend.parse","status":"ok","target":"aarch64-unknown-none"},"level":"INFO","target":"pipeline","timestamp":"__TIMESTAMP__"}
{"fields":{"backend":"wasm","command":"build","elapsed_ms":0,"input_count":"__COUNT__","kind":"executable","load_stdlib":false,"path":"/private{TMP}/sample.cl","stage":"frontend.expand_macros","status":"ok","target":"aarch64-unknown-none"},"level":"INFO","target":"pipeline","timestamp":"__TIMESTAMP__"}
{"fields":{"backend":"wasm","command":"build","elapsed_ms":0,"input_count":"__COUNT__","kind":"executable","load_stdlib":false,"stage":"frontend.assemble_workspace","status":"ok","target":"aarch64-unknown-none"},"level":"INFO","target":"pipeline","timestamp":"__TIMESTAMP__"}
{"fields":{"backend":"wasm","command":"build","elapsed_ms":0,"input_count":"__COUNT__","kind":"executable","load_stdlib":false,"stage":"frontend.lower_module","status":"ok","target":"aarch64-unknown-none"},"level":"INFO","target":"pipeline","timestamp":"__TIMESTAMP__"}
{"fields":{"backend":"wasm","command":"build","elapsed_ms":0,"input_count":"__COUNT__","kind":"executable","load_stdlib":false,"stage":"frontend.type_check","status":"ok","target":"aarch64-unknown-none"},"level":"INFO","target":"pipeline","timestamp":"__TIMESTAMP__"}
{"fields":{"backend":"wasm","command":"build","cycles_detected":"__COUNT__","elapsed_ms":0,"impls_checked":"__COUNT__","input_count":"__COUNT__","kind":"executable","load_stdlib":false,"metrics_enabled":true,"overlaps":"__COUNT__","stage":"frontend.trait_solver","status":"ok","target":"aarch64-unknown-none","traits_checked":"__COUNT__"},"level":"INFO","target":"pipeline","timestamp":"__TIMESTAMP__"}
{"fields":{"backend":"wasm","command":"build","elapsed_ms":0,"input_count":"__COUNT__","kind":"executable","load_stdlib":false,"stage":"frontend.verify_bodies","status":"ok","target":"aarch64-unknown-none"},"level":"INFO","target":"pipeline","timestamp":"__TIMESTAMP__"}
{"fields":{"backend":"wasm","command":"build","elapsed_ms":0,"input_count":"__COUNT__","kind":"executable","load_stdlib":false,"stage":"frontend.reachability","status":"ok","target":"aarch64-unknown-none"},"level":"INFO","target":"pipeline","timestamp":"__TIMESTAMP__"}
{"fields":{"backend":"wasm","command":"build","elapsed_ms":0,"input_count":"__COUNT__","kind":"executable","load_stdlib":false,"stage":"frontend.borrow_check","status":"ok","target":"aarch64-unknown-none"},"level":"INFO","target":"pipeline","timestamp":"__TIMESTAMP__"}
{"fields":{"backend":"wasm","command":"build","elapsed_ms":0,"input_count":"__COUNT__","kind":"executable","load_stdlib":false,"stage":"frontend.complete","status":"ok","target":"aarch64-unknown-none"},"level":"INFO","target":"pipeline","timestamp":"__TIMESTAMP__"}
{"fields":{"backend":"wasm","command":"build","elapsed_ms":0,"input_count":"__COUNT__","kind":"executable","load_stdlib":false,"stage":"frontend.fallible_drop","status":"ok","target":"aarch64-unknown-none"},"level":"INFO","target":"pipeline","timestamp":"__TIMESTAMP__"}

== chic run (json) ==
status: Some(1)
stderr:
{"fields":{"backend":"wasm","command":"build","input_count":"__COUNT__","kind":"executable","load_stdlib":false,"stage":"frontend.start","status":"start","target":"aarch64-unknown-none"},"level":"INFO","target":"pipeline","timestamp":"__TIMESTAMP__"}
{"fields":{"backend":"wasm","command":"build","elapsed_ms":0,"input_count":"__COUNT__","kind":"executable","load_stdlib":false,"path":"/private{TMP}/sample.cl","stage":"frontend.read_source","status":"ok","target":"aarch64-unknown-none"},"level":"INFO","target":"pipeline","timestamp":"__TIMESTAMP__"}
{"fields":{"backend":"wasm","command":"build","elapsed_ms":0,"input_count":"__COUNT__","kind":"executable","load_stdlib":false,"path":"/private{TMP}/sample.cl","stage":"frontend.parse","status":"ok","target":"aarch64-unknown-none"},"level":"INFO","target":"pipeline","timestamp":"__TIMESTAMP__"}
{"fields":{"backend":"wasm","command":"build","elapsed_ms":0,"input_count":"__COUNT__","kind":"executable","load_stdlib":false,"path":"/private{TMP}/sample.cl","stage":"frontend.expand_macros","status":"ok","target":"aarch64-unknown-none"},"level":"INFO","target":"pipeline","timestamp":"__TIMESTAMP__"}
{"fields":{"backend":"wasm","command":"build","elapsed_ms":0,"input_count":"__COUNT__","kind":"executable","load_stdlib":false,"stage":"frontend.assemble_workspace","status":"ok","target":"aarch64-unknown-none"},"level":"INFO","target":"pipeline","timestamp":"__TIMESTAMP__"}
{"fields":{"backend":"wasm","command":"build","elapsed_ms":0,"input_count":"__COUNT__","kind":"executable","load_stdlib":false,"stage":"frontend.lower_module","status":"ok","target":"aarch64-unknown-none"},"level":"INFO","target":"pipeline","timestamp":"__TIMESTAMP__"}
{"fields":{"backend":"wasm","command":"build","elapsed_ms":0,"input_count":"__COUNT__","kind":"executable","load_stdlib":false,"stage":"frontend.type_check","status":"ok","target":"aarch64-unknown-none"},"level":"INFO","target":"pipeline","timestamp":"__TIMESTAMP__"}
{"fields":{"backend":"wasm","command":"build","cycles_detected":"__COUNT__","elapsed_ms":0,"impls_checked":"__COUNT__","input_count":"__COUNT__","kind":"executable","load_stdlib":false,"metrics_enabled":true,"overlaps":"__COUNT__","stage":"frontend.trait_solver","status":"ok","target":"aarch64-unknown-none","traits_checked":"__COUNT__"},"level":"INFO","target":"pipeline","timestamp":"__TIMESTAMP__"}
{"fields":{"backend":"wasm","command":"build","elapsed_ms":0,"input_count":"__COUNT__","kind":"executable","load_stdlib":false,"stage":"frontend.verify_bodies","status":"ok","target":"aarch64-unknown-none"},"level":"INFO","target":"pipeline","timestamp":"__TIMESTAMP__"}
{"fields":{"backend":"wasm","command":"build","elapsed_ms":0,"input_count":"__COUNT__","kind":"executable","load_stdlib":false,"stage":"frontend.reachability","status":"ok","target":"aarch64-unknown-none"},"level":"INFO","target":"pipeline","timestamp":"__TIMESTAMP__"}
{"fields":{"backend":"wasm","command":"build","elapsed_ms":0,"input_count":"__COUNT__","kind":"executable","load_stdlib":false,"stage":"frontend.borrow_check","status":"ok","target":"aarch64-unknown-none"},"level":"INFO","target":"pipeline","timestamp":"__TIMESTAMP__"}
{"fields":{"backend":"wasm","command":"build","elapsed_ms":0,"input_count":"__COUNT__","kind":"executable","load_stdlib":false,"stage":"frontend.complete","status":"ok","target":"aarch64-unknown-none"},"level":"INFO","target":"pipeline","timestamp":"__TIMESTAMP__"}
{"fields":{"backend":"wasm","command":"build","elapsed_ms":0,"input_count":"__COUNT__","kind":"executable","load_stdlib":false,"stage":"frontend.fallible_drop","status":"ok","target":"aarch64-unknown-none"},"level":"INFO","target":"pipeline","timestamp":"__TIMESTAMP__"}